09-07 01:49:32.301 I/wm_create_activity( 1475): [0,77967728,3724,zerolist.example/.SoloActivity,NULL,NULL,NULL,268435456,startActivityAndWait:com.android.shell:13138]
09-07 01:49:32.393 I/wm_set_resumed_activity( 1475): [0,zerolist.example/.SoloActivity,realStartActivityLocked - onActivityStateChanged]
09-07 01:49:32.429 I/wm_on_resume_called(13152): [77967728,zerolist.example.SoloActivity,RESUME_ACTIVITY,2]
09-07 01:49:32.439 I/wm_on_top_resumed_gained_called(13152): [77967728,zerolist.example.SoloActivity,topStateChangedWhenResumed]
09-07 01:49:49.625 I/wm_pause_activity( 1475): [0,77967728,zerolist.example/.SoloActivity,userLeaving=true,pauseBackTasks]
09-07 01:49:49.627 I/wm_on_top_resumed_lost_called(13152): [77967728,zerolist.example.SoloActivity,topStateChangedWhenResumed]
09-07 01:49:49.631 I/wm_on_paused_called(13152): [77967728,zerolist.example.SoloActivity,performPause,0]
09-07 01:49:50.394 I/wm_stop_activity( 1475): [0,77967728,zerolist.example/.SoloActivity]
09-07 01:49:54.988 I/wm_finish_activity( 1475): [0,77967728,3724,zerolist.example/.SoloActivity,proc died without state saved]
09-07 01:49:55.067 I/wm_create_activity( 1475): [0,265292113,3727,zerolist.example/.SoloActivity,NULL,NULL,NULL,268435456,startActivityAndWait:com.android.shell:13681]
09-07 01:49:55.145 I/wm_set_resumed_activity( 1475): [0,zerolist.example/.SoloActivity,realStartActivityLocked - onActivityStateChanged]
09-07 01:49:55.224 I/wm_on_resume_called(13690): [265292113,zerolist.example.SoloActivity,RESUME_ACTIVITY,2]
09-07 01:49:55.233 I/wm_on_top_resumed_gained_called(13690): [265292113,zerolist.example.SoloActivity,topStateChangedWhenResumed]
09-07 01:49:58.867 I/wm_pause_activity( 1475): [0,265292113,zerolist.example/.SoloActivity,userLeaving=true,pauseBackTasks]
09-07 01:49:58.868 I/wm_on_top_resumed_lost_called(13690): [265292113,zerolist.example.SoloActivity,topStateChangedWhenResumed]
09-07 01:49:58.871 I/wm_on_paused_called(13690): [265292113,zerolist.example.SoloActivity,performPause,0]
09-07 01:49:59.653 I/wm_stop_activity( 1475): [0,265292113,zerolist.example/.SoloActivity]
09-07 01:50:16.650 I/wm_set_resumed_activity( 1475): [0,zerolist.example/.SoloActivity,resumeTopActivity - onActivityStateChanged]
09-07 01:50:16.651 I/wm_resume_activity( 1475): [0,265292113,3727,zerolist.example/.SoloActivity]
09-07 01:50:16.658 I/wm_on_resume_called(13690): [265292113,zerolist.example.SoloActivity,RESUME_ACTIVITY,0]
09-07 01:50:16.658 I/wm_on_top_resumed_gained_called(13690): [265292113,zerolist.example.SoloActivity,topStateChangedWhenResumed]
09-07 01:50:16.676 I/wm_pause_activity( 1475): [0,265292113,zerolist.example/.SoloActivity,userLeaving=true,pauseBackTasks]
09-07 01:50:16.703 I/wm_on_top_resumed_lost_called(13690): [265292113,zerolist.example.SoloActivity,topStateChangedWhenResumed]
09-07 01:50:16.703 I/wm_on_paused_called(13690): [265292113,zerolist.example.SoloActivity,performPause,0]
09-07 01:50:16.958 I/wm_set_resumed_activity( 1475): [0,zerolist.example/.SoloActivity,resumeTopActivity - onActivityStateChanged]
09-07 01:50:16.958 I/wm_resume_activity( 1475): [0,265292113,3727,zerolist.example/.SoloActivity]
09-07 01:50:16.959 I/wm_on_resume_called(13690): [265292113,zerolist.example.SoloActivity,RESUME_ACTIVITY,0]
09-07 01:50:16.960 I/wm_on_top_resumed_gained_called(13690): [265292113,zerolist.example.SoloActivity,topStateChangedWhenResumed]
09-07 01:50:18.893 I/wm_pause_activity( 1475): [0,265292113,zerolist.example/.SoloActivity,userLeaving=true,pauseBackTasks]
09-07 01:50:18.905 I/wm_on_top_resumed_lost_called(13690): [265292113,zerolist.example.SoloActivity,topStateChangedWhenResumed]
09-07 01:50:18.906 I/wm_on_paused_called(13690): [265292113,zerolist.example.SoloActivity,performPause,0]
09-07 01:50:19.657 I/wm_stop_activity( 1475): [0,265292113,zerolist.example/.SoloActivity]
09-07 01:50:20.931 I/wm_finish_activity( 1475): [0,265292113,3727,zerolist.example/.SoloActivity,proc died without state saved]
09-07 01:50:31.413 I/wm_create_activity( 1475): [0,267486936,3729,zerolist.example/.SoloActivity,NULL,NULL,NULL,268435456,startActivityAndWait:com.android.shell:14620]
09-07 01:50:31.493 I/wm_set_resumed_activity( 1475): [0,zerolist.example/.SoloActivity,realStartActivityLocked - onActivityStateChanged]
09-07 01:50:31.514 I/wm_on_resume_called(14630): [267486936,zerolist.example.SoloActivity,RESUME_ACTIVITY,2]
09-07 01:50:31.522 I/wm_on_top_resumed_gained_called(14630): [267486936,zerolist.example.SoloActivity,topStateChangedWhenResumed]
09-07 01:50:33.711 I/wm_pause_activity( 1475): [0,267486936,zerolist.example/.SoloActivity,userLeaving=true,pauseBackTasks]
09-07 01:50:33.714 I/wm_on_top_resumed_lost_called(14630): [267486936,zerolist.example.SoloActivity,topStateChangedWhenResumed]
09-07 01:50:33.716 I/wm_on_paused_called(14630): [267486936,zerolist.example.SoloActivity,performPause,0]
09-07 01:50:56.396 I/wm_stop_activity( 1475): [0,267486936,zerolist.example/.SoloActivity]
09-07 01:50:58.986 I/wm_finish_activity( 1475): [0,267486936,3729,zerolist.example/.SoloActivity,proc died without state saved]
